\BOOKMARK [1][-]{section.1}{\376\377\000P\000N\000C\000-\000\040\000N\000u\000m\000b\000e\000r\000\040\000o\000f\000\040\0003\000\040\000d\000i\000g\000i\000t\000\040\000n\000u\000m\000b\000e\000r\000s}{}% 1
\BOOKMARK [1][-]{section.2}{\376\377\000P\000r\000o\000b\000l\000e\000m\000s\000\040\000o\000n\000\040\000P\000r\000o\000b\000a\000b\000i\000l\000i\000t\000y}{}% 2
\BOOKMARK [2][-]{subsection.2.1}{\376\377\000N\000u\000m\000b\000e\000r\000\040\000o\000f\000\040\000s\000t\000u\000d\000e\000n\000t\000s\000\040\000i\000n\000\040\000a\000\040\000c\000l\000a\000s\000s}{section.2}% 3
\BOOKMARK [2][-]{subsection.2.2}{\376\377\000P\000r\000o\000b\000l\000e\000m\000\040\000o\000n\000\040\000m\000a\000n\000i\000p\000u\000l\000a\000t\000i\000n\000g\000\040\000p\000r\000o\000b\000a\000b\000i\000l\000i\000t\000i\000e\000s}{section.2}% 4
\BOOKMARK [1][-]{section.3}{\376\377\000T\000o\000u\000c\000h\000i\000n\000g\000\040\000s\000q\000u\000a\000r\000e\000\040\000a\000n\000d\000\040\000c\000i\000r\000c\000l\000e\000s}{}% 5
\BOOKMARK [1][-]{section.4}{\376\377\000P\000r\000o\000b\000l\000e\000m\000\040\000o\000n\000\040\000l\000i\000n\000e\000\040\000i\000n\000t\000e\000g\000r\000a\000l\000s}{}% 6
\BOOKMARK [2][-]{subsection.4.1}{\376\377\000P\000a\000t\000h\000\040\000O\000\050\0000\000,\0000\000\051\000\040\000P\000\050\0001\000,\0001\000\051}{section.4}% 7
\BOOKMARK [2][-]{subsection.4.2}{\376\377\000P\000a\000t\000h\000\040\000P\000\050\0001\000,\0001\000\051\000\040\000Q\000\050\0000\000,\0002\000\051}{section.4}% 8
\BOOKMARK [2][-]{subsection.4.3}{\376\377\000P\000a\000t\000h\000\040\000Q\000\050\0000\000,\0002\000\051\000\040\000R\000\050\000-\0001\000,\0001\000\051}{section.4}% 9
\BOOKMARK [2][-]{subsection.4.4}{\376\377\000P\000a\000t\000h\000\040\000R\000\050\000-\0001\000,\0001\000\051\000\040\000O\000\050\0000\000,\0000\000\051}{section.4}% 10
\BOOKMARK [1][-]{section.5}{\376\377\000T\000h\000e\000\040\000F\000o\000u\000r\000i\000e\000r\000\040\000t\000r\000a\000n\000s\000f\000o\000r\000m}{}% 11
\BOOKMARK [2][-]{subsection.5.1}{\376\377\000P\000r\000o\000b\000l\000e\000m\000\040\000o\000n\000\040\000e\000v\000a\000l\000u\000a\000t\000i\000n\000g\000\040\000a\000n\000\040\000i\000n\000t\000e\000g\000r\000a\000l\000\040\000a\000n\000d\000\040\000v\000e\000r\000i\000f\000y\000i\000n\000g}{section.5}% 12
\BOOKMARK [2][-]{subsection.5.2}{\376\377\000T\000h\000e\000\040\000G\000i\000b\000b\000s\000\040\000P\000h\000e\000n\000o\000m\000e\000n\000o\000n}{section.5}% 13
\BOOKMARK [1][-]{section.6}{\376\377\000S\000o\000l\000v\000i\000n\000g\000\040\000f\000o\000r\000\040\000v\000a\000l\000u\000e\000\040\000o\000f\000\040\000d\000e\000t\000e\000r\000m\000i\000n\000a\000n\000t}{}% 14
\BOOKMARK [2][-]{subsection.6.1}{\376\377\000P\000r\000o\000o\000f\000\040\000t\000h\000a\000t\000\040\000A\000T\000t\000b\000l\000/\000f\000i\000n\000a\000l\000i\000z\000e\000m\000a\000t\000h\000/\000l\000u\000a\000m\000m\000l\000/\000a\000r\000r\000a\000y\000/\000f\000i\000n\000a\000l\000i\000z\000e\000\040\000=\000\040\000A\000t\000b\000l\000/\000f\000i\000n\000a\000l\000i\000z\000e\000m\000a\000t\000h\000/\000l\000u\000a\000m\000m\000l\000/\000a\000r\000r\000a\000y\000/\000f\000i\000n\000a\000l\000i\000z\000e}{section.6}% 15
\BOOKMARK [1][-]{section.7}{\376\377\000P\000r\000o\000b\000l\000e\000m\000\040\000o\000n\000\040\000r\000a\000n\000k\000\040\000o\000f\000\040\000a\000\040\000m\000a\000t\000r\000i\000x\000\040\000a\000n\000d\000\040\000e\000c\000h\000e\000l\000e\000o\000n\000\040\000f\000o\000r\000m}{}% 16
\BOOKMARK [1][-]{section.8}{\376\377\000T\000r\000a\000j\000e\000c\000t\000o\000r\000y\000\040\000o\000f\000\040\000s\000a\000t\000e\000l\000l\000i\000t\000e}{}% 17
\BOOKMARK [1][-]{section.9}{\376\377\000P\000r\000o\000b\000l\000e\000m\000\040\000o\000n\000\040\000e\000i\000g\000e\000n\000v\000e\000c\000t\000o\000r\000s\000\040\000a\000n\000d\000\040\000e\000i\000g\000e\000n\000v\000a\000l\000u\000e\000s}{}% 18
\BOOKMARK [1][-]{section.10}{\376\377\000D\000i\000f\000f\000e\000r\000e\000n\000t\000i\000a\000l\000\040\000e\000q\000u\000a\000t\000i\000o\000n\000\040\000u\000s\000i\000n\000g\000\040\000l\000a\000p\000l\000a\000c\000e\000\040\000t\000r\000a\000n\000s\000f\000o\000r\000m}{}% 19
\BOOKMARK [1][-]{section.11}{\376\377\000S\000u\000b\000-\000P\000r\000o\000b\000l\000e\000m\000s\000\040\000o\000n\000\040\000l\000a\000p\000l\000a\000c\000e\000\040\000t\000r\000a\000n\000s\000f\000o\000r\000m}{}% 20
\BOOKMARK [2][-]{subsection.11.1}{\376\377\000F\000e\000w\000\040\000p\000r\000o\000o\000f\000s\000\040\000o\000n\000\040\000l\000a\000p\000l\000a\000c\000e\000\040\000t\000r\000a\000n\000s\000f\000o\000r\000m}{section.11}% 21
\BOOKMARK [2][-]{subsection.11.2}{\376\377\000P\000r\000o\000b\000l\000e\000m\000\040\000o\000n\000\040\000l\000a\000p\000l\000a\000c\000e\000\040\000t\000r\000a\000n\000s\000f\000o\000r\000m}{section.11}% 22
\BOOKMARK [1][-]{section.12}{\376\377\000T\000h\000e\000\040\000m\000o\000d\000u\000l\000u\000s\000\040\000f\000u\000n\000c\000t\000i\000o\000n}{}% 23
\BOOKMARK [1][-]{section.13}{\376\377\000P\000r\000o\000b\000l\000e\000m\000\040\000o\000n\000\040\000s\000o\000l\000i\000d\000s\000\040\000a\000n\000d\000\040\000o\000s\000c\000i\000l\000l\000a\000t\000i\000o\000n\000s}{}% 24
